

================================================================
== Vivado HLS Report for 'err_count'
================================================================
* Date:           Sat Jun 20 06:40:50 2020

* Version:        2019.1 (Build 2552052 on Fri May 24 15:28:33 MDT 2019)
* Project:        err_count
* Solution:       solution1
* Product family: zynquplus
* Target device:  xczu9eg-ffvb1156-2-e


================================================================
== Performance Estimates
================================================================
+ Timing (ns): 
    * Summary: 
    +--------+-------+----------+------------+
    |  Clock | Target| Estimated| Uncertainty|
    +--------+-------+----------+------------+
    |ap_clk  |   3.20|     2.540|        0.40|
    +--------+-------+----------+------------+

+ Latency (clock cycles): 
    * Summary: 
    +-----+-----+-----+-----+---------+
    |  Latency  |  Interval | Pipeline|
    | min | max | min | max |   Type  |
    +-----+-----+-----+-----+---------+
    |  961|  961|  961|  961|   none  |
    +-----+-----+-----+-----+---------+

    + Detail: 
        * Instance: 
        N/A

        * Loop: 
        +----------+-----+-----+----------+-----------+-----------+------+----------+
        |          |  Latency  | Iteration|  Initiation Interval  | Trip |          |
        | Loop Name| min | max |  Latency |  achieved |   target  | Count| Pipelined|
        +----------+-----+-----+----------+-----------+-----------+------+----------+
        |- Loop 1  |  960|  960|         2|          -|          -|   480|    no    |
        +----------+-----+-----+----------+-----------+-----------+------+----------+



================================================================
== Utilization Estimates
================================================================
* Summary: 
+-----------------+---------+-------+--------+--------+-----+
|       Name      | BRAM_18K| DSP48E|   FF   |   LUT  | URAM|
+-----------------+---------+-------+--------+--------+-----+
|DSP              |        -|      -|       -|       -|    -|
|Expression       |        -|      -|       0|     118|    -|
|FIFO             |        -|      -|       -|       -|    -|
|Instance         |        -|      -|       -|       -|    -|
|Memory           |        4|      -|       0|       0|    -|
|Multiplexer      |        -|      -|       -|      39|    -|
|Register         |        -|      -|      53|       -|    -|
+-----------------+---------+-------+--------+--------+-----+
|Total            |        4|      0|      53|     157|    0|
+-----------------+---------+-------+--------+--------+-----+
|Available        |     1824|   2520|  548160|  274080|    0|
+-----------------+---------+-------+--------+--------+-----+
|Utilization (%)  |    ~0   |      0|   ~0   |   ~0   |    0|
+-----------------+---------+-------+--------+--------+-----+

+ Detail: 
    * Instance: 
    N/A

    * DSP48E: 
    N/A

    * Memory: 
    +---------------+-----------------------+---------+---+----+-----+------+-----+------+-------------+
    |     Memory    |         Module        | BRAM_18K| FF| LUT| URAM| Words| Bits| Banks| W*Bits*Banks|
    +---------------+-----------------------+---------+---+----+-----+------+-----+------+-------------+
    |expOutput_V_U  |err_count_expOutput_V  |        4|  0|   0|    0|   480|  128|     1|        61440|
    +---------------+-----------------------+---------+---+----+-----+------+-----+------+-------------+
    |Total          |                       |        4|  0|   0|    0|   480|  128|     1|        61440|
    +---------------+-----------------------+---------+---+----+-----+------+-----+------+-------------+

    * FIFO: 
    N/A

    * Expression: 
    +----------------------+----------+-------+---+----+------------+------------+
    |     Variable Name    | Operation| DSP48E| FF| LUT| Bitwidth P0| Bitwidth P1|
    +----------------------+----------+-------+---+----+------------+------------+
    |add_ln27_fu_135_p2    |     +    |      0|  0|  39|          32|           1|
    |i_V_fu_114_p2         |     +    |      0|  0|  16|           9|           1|
    |icmp_ln883_fu_129_p2  |   icmp   |      0|  0|  50|         128|         128|
    |icmp_ln887_fu_108_p2  |   icmp   |      0|  0|  13|           9|           7|
    +----------------------+----------+-------+---+----+------------+------------+
    |Total                 |          |      0|  0| 118|         178|         137|
    +----------------------+----------+-------+---+----+------------+------------+

    * Multiplexer: 
    +-----------------------------+----+-----------+-----+-----------+
    |             Name            | LUT| Input Size| Bits| Total Bits|
    +-----------------------------+----+-----------+-----+-----------+
    |ap_NS_fsm                    |  21|          4|    1|          4|
    |observed_output_TDATA_blk_n  |   9|          2|    1|          2|
    |t_V_reg_91                   |   9|          2|    9|         18|
    +-----------------------------+----+-----------+-----+-----------+
    |Total                        |  39|          8|   11|         24|
    +-----------------------------+----+-----------+-----+-----------+

    * Register: 
    +-------------+----+----+-----+-----------+
    |     Name    | FF | LUT| Bits| Const Bits|
    +-------------+----+----+-----+-----------+
    |ap_CS_fsm    |   3|   0|    3|          0|
    |i_V_reg_155  |   9|   0|    9|          0|
    |t_V_reg_91   |   9|   0|    9|          0|
    |temp_count   |  32|   0|   32|          0|
    +-------------+----+----+-----+-----------+
    |Total        |  53|   0|   53|          0|
    +-------------+----+----+-----+-----------+



================================================================
== Interface
================================================================
* Summary: 
+------------------------+-----+-----+--------------+--------------------------+--------------+
|        RTL Ports       | Dir | Bits|   Protocol   |       Source Object      |    C Type    |
+------------------------+-----+-----+--------------+--------------------------+--------------+
|ap_clk                  |  in |    1| ap_ctrl_none |         err_count        | return value |
|ap_rst_n                |  in |    1| ap_ctrl_none |         err_count        | return value |
|observed_output_TDATA   |  in |  128|     axis     | observed_output_V_data_V |    pointer   |
|observed_output_TVALID  |  in |    1|     axis     | observed_output_V_data_V |    pointer   |
|observed_output_TREADY  | out |    1|     axis     | observed_output_V_last_V |    pointer   |
|observed_output_TLAST   |  in |    1|     axis     | observed_output_V_last_V |    pointer   |
|observed_output_TKEEP   |  in |   16|     axis     | observed_output_V_keep_V |    pointer   |
|observed_output_TUSER   |  in |    7|     axis     | observed_output_V_user_V |    pointer   |
|error_count             | out |   32|    ap_none   |        error_count       |    pointer   |
|iteration_count         | out |   32|    ap_none   |      iteration_count     |    pointer   |
+------------------------+-----+-----+--------------+--------------------------+--------------+

