#-----------------------------------------------------------
# Vivado v2019.1 (64-bit)
# SW Build 2552052 on Fri May 24 14:47:09 MDT 2019
# IP Build 2548770 on Fri May 24 18:01:18 MDT 2019
# Start of session at: Tue May  9 15:48:19 2023
# Process ID: 31898
# Current directory: /home/sai/Desktop/Looping_Hardware-design/project_1
# Command line: vivado project_1.xpr
# Log file: /home/sai/Desktop/Looping_Hardware-design/project_1/vivado.log
# Journal file: /home/sai/Desktop/Looping_Hardware-design/project_1/vivado.jou
#-----------------------------------------------------------
start_gui
open_project project_1.xpr
open_bd_design {/home/sai/Desktop/Looping_Hardware-design/project_1/project_1.srcs/sources_1/bd/check_40G_sim/check_40G_sim.bd}
update_compile_order -fileset sources_1
regenerate_bd_layout
validate_bd_design -force
save_bd_design
launch_runs impl_2 -to_step write_bitstream -jobs 10
wait_on_run impl_2
regenerate_bd_layout
validate_bd_design -force
save_bd_design
reset_run synth_2
launch_runs impl_2 -to_step write_bitstream -jobs 10
wait_on_run impl_2
reset_run synth_2
launch_runs impl_2 -to_step write_bitstream -jobs 10
wait_on_run impl_2
file mkdir /home/sai/Desktop/Looping_Hardware-design/project_1/project_1.sdk
file copy -force /home/sai/Desktop/Looping_Hardware-design/project_1/project_1.runs/impl_2/check_40G_sim_wrapper.sysdef /home/sai/Desktop/Looping_Hardware-design/project_1/project_1.sdk/check_40G_sim_wrapper.hdf

launch_sdk -workspace /home/sai/Desktop/Looping_Hardware-design/project_1/project_1.sdk -hwspec /home/sai/Desktop/Looping_Hardware-design/project_1/project_1.sdk/check_40G_sim_wrapper.hdf
open_hw
connect_hw_server -url 172.17.0.60:3121
current_hw_target [get_hw_targets */xilinx_tcf/Digilent/210299ABB6C8]
disconnect_hw_server 172.17.0.60:3121
connect_hw_server -url 172.17.0.60:3121
current_hw_target [get_hw_targets */xilinx_tcf/Digilent/210299ABC094]
set_property PARAM.FREQUENCY 15000000 [get_hw_targets */xilinx_tcf/Digilent/210299ABC094]
open_hw_target
set_property PROGRAM.FILE {/home/sai/Desktop/Looping_Hardware-design/project_1/project_1.runs/impl_2/check_40G_sim_wrapper.bit} [get_hw_devices xczu19_0]
set_property PROBES.FILE {/home/sai/Desktop/Looping_Hardware-design/project_1/project_1.runs/impl_2/debug_nets.ltx} [get_hw_devices xczu19_0]
set_property FULL_PROBES.FILE {/home/sai/Desktop/Looping_Hardware-design/project_1/project_1.runs/impl_2/debug_nets.ltx} [get_hw_devices xczu19_0]
current_hw_device [get_hw_devices xczu19_0]
refresh_hw_device [lindex [get_hw_devices xczu19_0] 0]
current_hw_device [get_hw_devices arm_dap_1]
refresh_hw_device -update_hw_probes false [lindex [get_hw_devices arm_dap_1] 0]
current_hw_device [get_hw_devices xczu19_0]
disconnect_hw_server 172.17.0.60:3121
connect_hw_server -url 172.17.0.60:3121
current_hw_target [get_hw_targets */xilinx_tcf/Digilent/210299ABB6C8]
disconnect_hw_server 172.17.0.60:3121
connect_hw_server -url 172.17.0.60:3121
current_hw_target [get_hw_targets */xilinx_tcf/Digilent/210299ABC094]
set_property PARAM.FREQUENCY 15000000 [get_hw_targets */xilinx_tcf/Digilent/210299ABC094]
open_hw_target
set_property PROGRAM.FILE {/home/sai/Desktop/Looping_Hardware-design/project_1/project_1.runs/impl_2/check_40G_sim_wrapper.bit} [get_hw_devices xczu19_0]
set_property PROBES.FILE {/home/sai/Desktop/Looping_Hardware-design/project_1/project_1.runs/impl_2/debug_nets.ltx} [get_hw_devices xczu19_0]
set_property FULL_PROBES.FILE {/home/sai/Desktop/Looping_Hardware-design/project_1/project_1.runs/impl_2/debug_nets.ltx} [get_hw_devices xczu19_0]
current_hw_device [get_hw_devices xczu19_0]
refresh_hw_device [lindex [get_hw_devices xczu19_0] 0]
current_hw_device [get_hw_devices arm_dap_1]
refresh_hw_device -update_hw_probes false [lindex [get_hw_devices arm_dap_1] 0]
current_hw_device [get_hw_devices xczu19_0]
set_property PROBES.FILE {/home/sai/Desktop/Looping_Hardware-design/project_1/project_1.runs/impl_2/debug_nets.ltx} [get_hw_devices xczu19_0]
set_property FULL_PROBES.FILE {/home/sai/Desktop/Looping_Hardware-design/project_1/project_1.runs/impl_2/debug_nets.ltx} [get_hw_devices xczu19_0]
set_property PROGRAM.FILE {/home/sai/Desktop/Looping_Hardware-design/project_1/project_1.runs/impl_2/check_40G_sim_wrapper.bit} [get_hw_devices xczu19_0]
program_hw_devices [get_hw_devices xczu19_0]
refresh_hw_device [lindex [get_hw_devices xczu19_0] 0]
open_bd_design {/home/sai/Desktop/Looping_Hardware-design/project_1/project_1.srcs/sources_1/bd/check_40G_sim/check_40G_sim.bd}
